
> animated-portfolio@0.1.0 build
> next build

Γû▓ Next.js 16.1.6 (Turbopack)

  Creating an optimized production build ...
node.exe : 
At line:1 char:1
+ & "C:\Program Files
\nodejs/node.exe" 
"C:\Users\Lord 
Shadow\AppData\Ro ...
+ ~~~~~~~~~~~~~~~~~~~
~~~~~~~~~~~~~~~~~~~~~
~~~~~~~~~~~~~~~~~~~~~
~~~~~~~~
    + CategoryInfo   
           : NotSpe  
  cified: (:String   
 ) [], RemoteExce    
ption
    + FullyQualified 
   ErrorId : Native  
  CommandError
 
> Build error 
occurred
Error: Turbopack 
build failed with 1 
errors:
./src/app/layout.tsx:
3:1
Module not found: 
Can't resolve 
'./globals.css'
[0m [90m 1 |[39m 
[36mimport[39m 
type { 
[33mMetadata[39m } 
[36mfrom[39m [32m"
next"[39m[33m;[39m
 [90m 2 |[39m 
[36mimport[39m { [
33mGeist[39m[33m,[
39m [33mGeist_Mono[
39m[33m,[39m 
[33mBitter[39m } 
[36mfrom[39m [32m"
next/font/google"[39
m[33m;[39m
[31m[1m>[22m[39m
[90m 3 |[39m 
[36mimport[39m [32
m"./globals.css"[39m
[33m;[39m
 [90m   |[39m [31m
[1m^[22m[39m[31m
[1m^[22m[39m[31m[
1m^[22m[39m[31m[1
m^[22m[39m[31m[1m
^[22m[39m[31m[1m^
[22m[39m[31m[1m^
[22m[39m[31m[1m^[
22m[39m[31m[1m^[2
2m[39m[31m[1m^[22
m[39m[31m[1m^[22m
[39m[31m[1m^[22m
[39m[31m[1m^[22m[
39m[31m[1m^[22m[3
9m[31m[1m^[22m[39
m[31m[1m^[22m[39m
[31m[1m^[22m[39m
[31m[1m^[22m[39m[
31m[1m^[22m[39m[3
1m[1m^[22m[39m[31
m[1m^[22m[39m[31m
[1m^[22m[39m[31m
[1m^[22m[39m
 [90m 4 |[39m
 [90m 5 |[39m 
[36mconst[39m 
geistSans 
[33m=[39m 
[33mGeist[39m({
 [90m 6 |[39m   
variable[33m:[39m 
[32m"--font-geist-san
s"[39m[33m,[39m[0
m



https://nextjs.org/do
cs/messages/module-no
t-found


    at <unknown> (./s
rc/app/layout.tsx:3:1
)
    at <unknown> (htt
ps://nextjs.org/docs/
messages/module-not-f
ound)
